javaforum>mkdir foo
[MacBook:jorgen] ~/slask/javaforum 
javaforum>cd foo
[MacBook:jorgen] ~/slask/javaforum/foo 
foo>git init .
Initialized empty Git repository in /Users/jorgen/slask/javaforum/foo/.git/
[MacBook:jorgen] ~/slask/javaforum/foo [git:master] 
foo>ls -la
total 0
drwxr-xr-x  3 jorgen  staff  102 17 Jun 19:25 ./
drwxr-xr-x  3 jorgen  staff  102 17 Jun 19:24 ../
drwxr-xr-x  9 jorgen  staff  306 17 Jun 19:25 .git/
[MacBook:jorgen] ~/slask/javaforum/foo [git:master] 
foo>cp ~/projects/.gitignore .
[MacBook:jorgen] ~/slask/javaforum/foo [git:master] 
foo>cat .gitignore 
tmp
slask
*.DS_Store
.svn
.idea
.project
.settings/*
*~
.*~
*.pyc
#*
.#*
*#
*.iws
*.iml
*.ipr
*.kpf
*~
*.class
.idea
[MacBook:jorgen] ~/slask/javaforum/foo [git:master] 
foo>git status
# On branch master
#
# Initial commit
#
# Untracked files:
#   (use "git add <file>..." to include in what will be committed)
#
#	.gitignore
nothing added to commit but untracked files present (use "git add" to track)
[MacBook:jorgen] ~/slask/javaforum/foo [git:master] 
foo>git add .
[MacBook:jorgen] ~/slask/javaforum/foo [git:master] 
foo>git status
# On branch master
#
# Initial commit
#
# Changes to be committed:
#   (use "git rm --cached <file>..." to unstage)
#
#	new file:   .gitignore
#
[MacBook:jorgen] ~/slask/javaforum/foo [git:master] 
foo>git commit -m "Initial commit"
[master (root-commit) f6d6cb3] Initial commit
 1 files changed, 20 insertions(+), 0 deletions(-)
 create mode 100644 .gitignore
[MacBook:jorgen] ~/slask/javaforum/foo [git:master] 
foo>git status
# On branch master
nothing to commit (working directory clean)
[MacBook:jorgen] ~/slask/javaforum/foo [git:master] 
foo>git checkout -b nisse 
Switched to a new branch 'nisse'
[MacBook:jorgen] ~/slask/javaforum/foo [git:nisse] 
foo>touch a aa aaaaa
[MacBook:jorgen] ~/slask/javaforum/foo [git:nisse] 
foo>git status
# On branch nisse
# Untracked files:
#   (use "git add <file>..." to include in what will be committed)
#
#	a
#	aa
#	aaaaa
nothing added to commit but untracked files present (use "git add" to track)
[MacBook:jorgen] ~/slask/javaforum/foo [git:nisse] 
foo>gitx
[MacBook:jorgen] ~/slask/javaforum/foo [git:nisse] 
foo>git add .
[MacBook:jorgen] ~/slask/javaforum/foo [git:nisse] 
foo>git commit -m "oaksdoakd"
[nisse 013b33f] oaksdoakd
 0 files changed, 0 insertions(+), 0 deletions(-)
 create mode 100644 a
 create mode 100644 aa
 create mode 100644 aaaaa
[MacBook:jorgen] ~/slask/javaforum/foo [git:nisse] 
foo>git checkout master
Switched to branch 'master'
[MacBook:jorgen] ~/slask/javaforum/foo [git:master] 
foo>ls -la
total 8
drwxr-xr-x   4 jorgen  staff  136 17 Jun 19:30 ./
drwxr-xr-x   3 jorgen  staff  102 17 Jun 19:24 ../
drwxr-xr-x  12 jorgen  staff  408 17 Jun 19:30 .git/
-rw-r--r--   1 jorgen  staff  117 17 Jun 19:25 .gitignore
[MacBook:jorgen] ~/slask/javaforum/foo [git:master] 
foo>git merge nisse
Updating f6d6cb3..013b33f
Fast-forward
 0 files changed, 0 insertions(+), 0 deletions(-)
 create mode 100644 a
 create mode 100644 aa
 create mode 100644 aaaaa
[MacBook:jorgen] ~/slask/javaforum/foo [git:master] 
foo>ls -l
total 0
-rw-r--r--  1 jorgen  staff  0 17 Jun 19:30 a
-rw-r--r--  1 jorgen  staff  0 17 Jun 19:30 aa
-rw-r--r--  1 jorgen  staff  0 17 Jun 19:30 aaaaa
[MacBook:jorgen] ~/slask/javaforum/foo [git:master] 

#####
this is where i switched over to the "black shell" (server.txt)
and created the "server-repository" in ~/slask/javaforum/foobar.git
#####

foo>git remote add origin ~/slask/javaforum/foobar.git/
[MacBook:jorgen] ~/slask/javaforum/foo [git:master] 
foo>cat .git/config 
[core]
        repositoryformatversion = 0
        filemode = true
        bare = false
        logallrefupdates = true
        ignorecase = true
[remote "origin"]
        url = /Users/jorgen/slask/javaforum/foobar.git/
        fetch = +refs/heads/*:refs/remotes/origin/*
[MacBook:jorgen] ~/slask/javaforum/foo [git:master] 
foo>git push origin --all
Counting objects: 6, done.
Delta compression using up to 2 threads.
Compressing objects: 100% (4/4), done.
Writing objects: 100% (6/6), 572 bytes, done.
Total 6 (delta 0), reused 0 (delta 0)
Unpacking objects: 100% (6/6), done.
To /Users/jorgen/slask/javaforum/foobar.git/
 * [new branch]      master -> master
 * [new branch]      nisse -> nisse
